// *** Layout predicates ***

predicate ro_Sll(loc x) {
| (x == 0) => { emp }
| (not (x == 0)) => { [x,2] ** x :=> head ** (x+1) :=> tail ** ro_Sll(tail) }
}


// *** Function predicates ***

predicate mapAdd1__ro_Sll__ro_Sll(loc __p_x0, loc __r_x) {
| (__p_x0 == 0) => { __r_x == 0 ; emp }
| (not (__p_x0 == 0)) => { __p_x0 :-> head ** (__p_x0+1) :-> tail ** [__p_x0,2] ** mapAdd1__ro_Sll__ro_Sll(tail, __p_x1) ** __r_x :-> (head + 1) ** (__r_x+1) :-> __p_x1 ** [__r_x,2] }
}


// *** Function specifications ***


void mapAdd1(loc x1, loc r)
  { x1 :-> x1__i ** ro_Sll(x1__i) ** r :-> initialVal }
  { x1 :-> x1__i ** mapAdd1__ro_Sll__ro_Sll(x1__i, r0) ** r :-> r0 }
{ ?? }

{r :-> initialVal ** x1 :-> x1__i ** ro_Sll(x1__i)<_alpha_2>}
{r :-> r0 ** x1 :-> x1__i ** mapAdd1__ro_Sll__ro_Sll(x1__i, r0)<_alpha_3>}
void mapAdd1 (loc x1, loc r) {
  let x = *x1;
  if (x == 0) {
    *r = 0;
  } else {
    let h = *x;
    let t = *(x + 1);
    *r = t;
    mapAdd1(r, x1);
    let r01 = *x1;
    let r0 = malloc(2);
    *x1 = x;
    *r = r0;
    *(r0 + 1) = r01;
    *r0 = h + 1;
  }
}



--- Source AST size: 59

--- SuSLik AST size: 123
